var map = "";
map += "##############################";
map += "##############################";
map += "####..#.######################";
map += "####.....############.....####";
map += "###.......#########..#.....###";
map += "###........########.........##";
map += "##...#..............#.......##";
map += "##..#.........#.............##";
map += "##...............###........##";
map += "##.....#.........#####...#####";
map += "##.........###...#############";
map += "###.......####...#############";
map += "###.......####..#.############";
map += "####.....###..#....###########";
map += "#####...####.......###########";
map += "############............######";
map += "############............######";
map += "############.......###..######";
map += "##############...###.#...#####";
map += "##############..###.......####";
map += "#############.............####";
map += "############....#....#....####";
map += "#############.....###....#####";
map += "###########.......####.#######";
map += "############...........#######";
map += "###########......#############";
map += "###########......#############";
map += "###########......#############";
map += "#############....#############";
map += "##############################";

levelfile_gen = {
  nMapHeight: 30,
  nMapWidth: 30,
  map: map,
  fPlayerX: 15.5,
  fPlayerY: 15.5,
  fPlayerA: 0.0,
  exitsto: "",
  color: "white",
  background: "black",
  sprites: {
  }
};