var map = "";
map += "##############################";
map += "###..##.######################";
map += "##......######################";
map += "##.......#####################";
map += "##.......#####################";
map += "#.........#############..#####";
map += "#..#......###########..#...###";
map += "#....................#...#..##";
map += "#...........................##";
map += "#...#.....####..............##";
map += "##....#..####......###.....###";
map += "##.......###.....#.#####.#####";
map += "###......###....#..####...####";
map += "####..#####..#..##.###.....###";
map += "#####.#####.......####...#.###";
map += "#####.######....#.....#....###";
map += "#####.#####........#.....#.###";
map += "#####.###..................###";
map += "#####.###......#...........###";
map += "#####.###..#.....#.###.....###";
map += "#####.###.###.....####.....###";
map += "#####.###..##..#..####....####";
map += "#####.###..############..#####";
map += "#####.##....##################";
map += "#####...#.#...################";
map += "###............###############";
map += "###........#....##############";
map += "####............##############";
map += "#####....#....################";
map += "##############################";

levelfile_gen = {
  nMapHeight: 30,
  nMapWidth: 30,
  map: map,
  fPlayerX: 15.5,
  fPlayerY: 15.5,
  fPlayerA: 0.0,
  exitsto: "",
  color: "white",
  background: "black",
  sprites: {
    "0": {
      "x": "24.78",
      "y": "16.38",
      "r": "0.96",
      "name": "P",
      "move": false
    },
    "1": {
      "x": "24.48",
      "y": "17.59",
      "r": "2.13",
      "name": "O",
      "move": false
    },
    "2": {
      "x": "6.45",
      "y": "3.06",
      "r": "2.12",
      "name": "P",
      "move": true
    },
    "3": {
      "x": "22.38",
      "y": "6.76",
      "r": "1.84",
      "name": "O",
      "move": true
    },
    "4": {
      "x": "21.95",
      "y": "9.82",
      "r": "0.31",
      "name": "O",
      "move": true
    },
  }
};